// Jest Snapshot v1, https://goo.gl/fbAQLP

exports[`Text component snapshot 1`] = `
<Text
  color="primary"
  fontFamily="Lato_400Regular"
  fontSize={16}
  style={
    Array [
      Object {
        "color": "green",
        "fontFamily": "Lato_400Regular",
        "fontSize": 16,
      },
    ]
  }
>
  Lato Black
</Text>
`;
